
Server arguments:
  --memory-size 1073741824
  --shared-postfix b1ee9b3145f1e2b02ebf58424f5f8f94
  --working-directory Library/DataStore
  --silent-console
  --shutdown-grace 0
  --client-process-check 0
  --uds-log-file G:/O_Build_Games/Aulajogos2d/Aulajogos2d/Logs/UDS-Service.log
  --debug-log 2
  -name
  Unity.DataStore

Initialising UDS system complete:
  - System type: Service
  - Resource namespace: b1ee9b3145f1e2b02ebf58424f5f8f94
  - Shared memory size: 1073741824
  - Command buffer id: 1052576
  - Command buffer size: 8192
  - Hashmap size: 4194304
Starting Unity Data Store Application
Unity Data Store Application Complete
[Warning] Shutting down service while there are still connected clients, client count = 2
Shut down UDS service system complete
